// Jest Snapshot v1, https://goo.gl/fbAQLP

exports[`renders the Card component correctly 1`] = `
<div
  className="selected"
>
  Text Here
</div>
`;
