// Jest Snapshot v1, https://goo.gl/fbAQLP

exports[`renders the Button component correctly 1`] = `
<button
  className="button"
  type="submit"
>
  Submit
</button>
`;
