// Jest Snapshot v1, https://goo.gl/fbAQLP

exports[`renders the DragContainer component correctly 1`] = `
<div
  data-rbd-droppable-context-id="0"
  data-rbd-droppable-id="droppable"
/>
`;
